------------------------------------------------------------
TimeQuest Timing Analyzer Summary
------------------------------------------------------------

Type  : Slow 1200mV 85C Model Setup 'inst5|altpll_component|auto_generated|pll1|clk[0]'
Slack : -4.361
TNS   : -95.989

Type  : Slow 1200mV 85C Model Setup 'inst26|inst6|altpll_component|auto_generated|pll1|clk[0]'
Slack : -3.112
TNS   : -12.436

Type  : Slow 1200mV 85C Model Setup 'inst26|inst3|altpll_component|auto_generated|pll1|clk[0]'
Slack : -2.150
TNS   : -34.058

Type  : Slow 1200mV 85C Model Setup 'inst23|inst2|altpll_component|auto_generated|pll1|clk[0]'
Slack : 994.864
TNS   : 0.000

Type  : Slow 1200mV 85C Model Hold 'inst5|altpll_component|auto_generated|pll1|clk[0]'
Slack : 0.343
TNS   : 0.000

Type  : Slow 1200mV 85C Model Hold 'inst23|inst2|altpll_component|auto_generated|pll1|clk[0]'
Slack : 0.357
TNS   : 0.000

Type  : Slow 1200mV 85C Model Hold 'inst26|inst6|altpll_component|auto_generated|pll1|clk[0]'
Slack : 0.359
TNS   : 0.000

Type  : Slow 1200mV 85C Model Hold 'inst26|inst3|altpll_component|auto_generated|pll1|clk[0]'
Slack : 0.549
TNS   : 0.000

Type  : Slow 1200mV 85C Model Recovery 'inst5|altpll_component|auto_generated|pll1|clk[0]'
Slack : -2.714
TNS   : -13.219

Type  : Slow 1200mV 85C Model Recovery 'inst26|inst3|altpll_component|auto_generated|pll1|clk[0]'
Slack : -2.025
TNS   : -31.410

Type  : Slow 1200mV 85C Model Recovery 'inst23|inst2|altpll_component|auto_generated|pll1|clk[0]'
Slack : 997.169
TNS   : 0.000

Type  : Slow 1200mV 85C Model Removal 'inst26|inst3|altpll_component|auto_generated|pll1|clk[0]'
Slack : 0.284
TNS   : 0.000

Type  : Slow 1200mV 85C Model Removal 'inst5|altpll_component|auto_generated|pll1|clk[0]'
Slack : 0.922
TNS   : 0.000

Type  : Slow 1200mV 85C Model Removal 'inst23|inst2|altpll_component|auto_generated|pll1|clk[0]'
Slack : 1.298
TNS   : 0.000

Type  : Slow 1200mV 85C Model Minimum Pulse Width 'clk50M'
Slack : 9.819
TNS   : 0.000

Type  : Slow 1200mV 85C Model Minimum Pulse Width 'inst5|altpll_component|auto_generated|pll1|clk[0]'
Slack : 499.745
TNS   : 0.000

Type  : Slow 1200mV 85C Model Minimum Pulse Width 'inst23|inst2|altpll_component|auto_generated|pll1|clk[0]'
Slack : 499.751
TNS   : 0.000

Type  : Slow 1200mV 85C Model Minimum Pulse Width 'inst26|inst3|altpll_component|auto_generated|pll1|clk[0]'
Slack : 9999.749
TNS   : 0.000

Type  : Slow 1200mV 85C Model Minimum Pulse Width 'inst26|inst6|altpll_component|auto_generated|pll1|clk[0]'
Slack : 333333.084
TNS   : 0.000

Type  : Slow 1200mV 0C Model Setup 'inst5|altpll_component|auto_generated|pll1|clk[0]'
Slack : -3.960
TNS   : -86.972

Type  : Slow 1200mV 0C Model Setup 'inst26|inst6|altpll_component|auto_generated|pll1|clk[0]'
Slack : -2.747
TNS   : -10.970

Type  : Slow 1200mV 0C Model Setup 'inst26|inst3|altpll_component|auto_generated|pll1|clk[0]'
Slack : -2.012
TNS   : -31.868

Type  : Slow 1200mV 0C Model Setup 'inst23|inst2|altpll_component|auto_generated|pll1|clk[0]'
Slack : 995.339
TNS   : 0.000

Type  : Slow 1200mV 0C Model Hold 'inst5|altpll_component|auto_generated|pll1|clk[0]'
Slack : 0.298
TNS   : 0.000

Type  : Slow 1200mV 0C Model Hold 'inst23|inst2|altpll_component|auto_generated|pll1|clk[0]'
Slack : 0.312
TNS   : 0.000

Type  : Slow 1200mV 0C Model Hold 'inst26|inst6|altpll_component|auto_generated|pll1|clk[0]'
Slack : 0.313
TNS   : 0.000

Type  : Slow 1200mV 0C Model Hold 'inst26|inst3|altpll_component|auto_generated|pll1|clk[0]'
Slack : 0.494
TNS   : 0.000

Type  : Slow 1200mV 0C Model Recovery 'inst5|altpll_component|auto_generated|pll1|clk[0]'
Slack : -2.438
TNS   : -11.876

Type  : Slow 1200mV 0C Model Recovery 'inst26|inst3|altpll_component|auto_generated|pll1|clk[0]'
Slack : -1.876
TNS   : -29.008

Type  : Slow 1200mV 0C Model Recovery 'inst23|inst2|altpll_component|auto_generated|pll1|clk[0]'
Slack : 997.406
TNS   : 0.000

Type  : Slow 1200mV 0C Model Removal 'inst26|inst3|altpll_component|auto_generated|pll1|clk[0]'
Slack : 0.286
TNS   : 0.000

Type  : Slow 1200mV 0C Model Removal 'inst5|altpll_component|auto_generated|pll1|clk[0]'
Slack : 0.794
TNS   : 0.000

Type  : Slow 1200mV 0C Model Removal 'inst23|inst2|altpll_component|auto_generated|pll1|clk[0]'
Slack : 1.260
TNS   : 0.000

Type  : Slow 1200mV 0C Model Minimum Pulse Width 'clk50M'
Slack : 9.817
TNS   : 0.000

Type  : Slow 1200mV 0C Model Minimum Pulse Width 'inst5|altpll_component|auto_generated|pll1|clk[0]'
Slack : 499.742
TNS   : 0.000

Type  : Slow 1200mV 0C Model Minimum Pulse Width 'inst23|inst2|altpll_component|auto_generated|pll1|clk[0]'
Slack : 499.747
TNS   : 0.000

Type  : Slow 1200mV 0C Model Minimum Pulse Width 'inst26|inst3|altpll_component|auto_generated|pll1|clk[0]'
Slack : 9999.746
TNS   : 0.000

Type  : Slow 1200mV 0C Model Minimum Pulse Width 'inst26|inst6|altpll_component|auto_generated|pll1|clk[0]'
Slack : 333333.080
TNS   : 0.000

Type  : Fast 1200mV 0C Model Setup 'inst5|altpll_component|auto_generated|pll1|clk[0]'
Slack : -2.555
TNS   : -57.029

Type  : Fast 1200mV 0C Model Setup 'inst26|inst6|altpll_component|auto_generated|pll1|clk[0]'
Slack : -1.836
TNS   : -7.334

Type  : Fast 1200mV 0C Model Setup 'inst26|inst3|altpll_component|auto_generated|pll1|clk[0]'
Slack : -1.223
TNS   : -19.406

Type  : Fast 1200mV 0C Model Setup 'inst23|inst2|altpll_component|auto_generated|pll1|clk[0]'
Slack : 997.049
TNS   : 0.000

Type  : Fast 1200mV 0C Model Hold 'inst5|altpll_component|auto_generated|pll1|clk[0]'
Slack : 0.178
TNS   : 0.000

Type  : Fast 1200mV 0C Model Hold 'inst23|inst2|altpll_component|auto_generated|pll1|clk[0]'
Slack : 0.186
TNS   : 0.000

Type  : Fast 1200mV 0C Model Hold 'inst26|inst6|altpll_component|auto_generated|pll1|clk[0]'
Slack : 0.186
TNS   : 0.000

Type  : Fast 1200mV 0C Model Hold 'inst26|inst3|altpll_component|auto_generated|pll1|clk[0]'
Slack : 0.247
TNS   : 0.000

Type  : Fast 1200mV 0C Model Recovery 'inst5|altpll_component|auto_generated|pll1|clk[0]'
Slack : -1.628
TNS   : -7.951

Type  : Fast 1200mV 0C Model Recovery 'inst26|inst3|altpll_component|auto_generated|pll1|clk[0]'
Slack : -1.194
TNS   : -18.618

Type  : Fast 1200mV 0C Model Recovery 'inst23|inst2|altpll_component|auto_generated|pll1|clk[0]'
Slack : 998.204
TNS   : 0.000

Type  : Fast 1200mV 0C Model Removal 'inst26|inst3|altpll_component|auto_generated|pll1|clk[0]'
Slack : 0.039
TNS   : 0.000

Type  : Fast 1200mV 0C Model Removal 'inst5|altpll_component|auto_generated|pll1|clk[0]'
Slack : 0.463
TNS   : 0.000

Type  : Fast 1200mV 0C Model Removal 'inst23|inst2|altpll_component|auto_generated|pll1|clk[0]'
Slack : 0.624
TNS   : 0.000

Type  : Fast 1200mV 0C Model Minimum Pulse Width 'clk50M'
Slack : 9.587
TNS   : 0.000

Type  : Fast 1200mV 0C Model Minimum Pulse Width 'inst5|altpll_component|auto_generated|pll1|clk[0]'
Slack : 499.781
TNS   : 0.000

Type  : Fast 1200mV 0C Model Minimum Pulse Width 'inst23|inst2|altpll_component|auto_generated|pll1|clk[0]'
Slack : 499.784
TNS   : 0.000

Type  : Fast 1200mV 0C Model Minimum Pulse Width 'inst26|inst3|altpll_component|auto_generated|pll1|clk[0]'
Slack : 9999.783
TNS   : 0.000

Type  : Fast 1200mV 0C Model Minimum Pulse Width 'inst26|inst6|altpll_component|auto_generated|pll1|clk[0]'
Slack : 333333.117
TNS   : 0.000

------------------------------------------------------------
